// Jest Snapshot v1, https://goo.gl/fbAQLP

exports[`Grid parameters Should has correct query for breakpoint 1`] = `
".container {
  width: 100%;
  max-width: 1200px;
  margin: 0 auto;
  padding: 0 20px;
  box-sizing: border-box;
}

.grid__row {
  display: flex;
  flex-flow: row wrap;
}

.space__column-0 > * {
  padding: 0;
}

.space__column-0 {
  margin-left: 0;
  margin-right: 0;
}

.space__column-1 > * {
  padding: 10px;
}

.space__column-1 {
  margin-left: -10px;
  margin-right: -10px;
}

.space__column-2 > * {
  padding: 20px;
}

.space__column-2 {
  margin-left: -20px;
  margin-right: -20px;
}

.space__column-3 > * {
  padding: 30px;
}

.space__column-3 {
  margin-left: -30px;
  margin-right: -30px;
}

@media (min-width: 0) {
  .grid__column--1-xs {
    box-sizing: border-box;
    flex-grow: 0;
    width: 2;
  }
  .grid__column--2-xs {
    box-sizing: border-box;
    flex-grow: 0;
    width: 2;
  }
  .grid__column--3-xs {
    box-sizing: border-box;
    flex-grow: 0;
    width: 2;
  }
  .grid__column--4-xs {
    box-sizing: border-box;
    flex-grow: 0;
    width: 2;
  }
  .grid__column--5-xs {
    box-sizing: border-box;
    flex-grow: 0;
    width: 2;
  }
  .grid__column--6-xs {
    box-sizing: border-box;
    flex-grow: 0;
    width: 2;
  }
  .grid__column--7-xs {
    box-sizing: border-box;
    flex-grow: 0;
    width: 2;
  }
  .grid__column--8-xs {
    box-sizing: border-box;
    flex-grow: 0;
    width: 2;
  }
  .grid__column--9-xs {
    box-sizing: border-box;
    flex-grow: 0;
    width: 2;
  }
  .grid__column--10-xs {
    box-sizing: border-box;
    flex-grow: 0;
    width: 2;
  }
  .grid__column--11-xs {
    box-sizing: border-box;
    flex-grow: 0;
    width: 2;
  }
  .grid__column--12-xs {
    box-sizing: border-box;
    flex-grow: 0;
    width: 2;
  }
}
@media (min-width: 480px) {
  .grid__column--1-sm {
    box-sizing: border-box;
    flex-grow: 0;
    width: 8.3333333333%;
  }
  .grid__column--2-sm {
    box-sizing: border-box;
    flex-grow: 0;
    width: 16.6666666667%;
  }
  .grid__column--3-sm {
    box-sizing: border-box;
    flex-grow: 0;
    width: 25%;
  }
  .grid__column--4-sm {
    box-sizing: border-box;
    flex-grow: 0;
    width: 33.3333333333%;
  }
  .grid__column--5-sm {
    box-sizing: border-box;
    flex-grow: 0;
    width: 41.6666666667%;
  }
  .grid__column--6-sm {
    box-sizing: border-box;
    flex-grow: 0;
    width: 50%;
  }
  .grid__column--7-sm {
    box-sizing: border-box;
    flex-grow: 0;
    width: 58.3333333333%;
  }
  .grid__column--8-sm {
    box-sizing: border-box;
    flex-grow: 0;
    width: 66.6666666667%;
  }
  .grid__column--9-sm {
    box-sizing: border-box;
    flex-grow: 0;
    width: 75%;
  }
  .grid__column--10-sm {
    box-sizing: border-box;
    flex-grow: 0;
    width: 83.3333333333%;
  }
  .grid__column--11-sm {
    box-sizing: border-box;
    flex-grow: 0;
    width: 91.6666666667%;
  }
  .grid__column--12-sm {
    box-sizing: border-box;
    flex-grow: 0;
    width: 100%;
  }
}
@media (min-width: 720px) {
  .grid__column--1-md {
    box-sizing: border-box;
    flex-grow: 0;
    width: 8.3333333333%;
  }
  .grid__column--2-md {
    box-sizing: border-box;
    flex-grow: 0;
    width: 16.6666666667%;
  }
  .grid__column--3-md {
    box-sizing: border-box;
    flex-grow: 0;
    width: 25%;
  }
  .grid__column--4-md {
    box-sizing: border-box;
    flex-grow: 0;
    width: 33.3333333333%;
  }
  .grid__column--5-md {
    box-sizing: border-box;
    flex-grow: 0;
    width: 41.6666666667%;
  }
  .grid__column--6-md {
    box-sizing: border-box;
    flex-grow: 0;
    width: 50%;
  }
  .grid__column--7-md {
    box-sizing: border-box;
    flex-grow: 0;
    width: 58.3333333333%;
  }
  .grid__column--8-md {
    box-sizing: border-box;
    flex-grow: 0;
    width: 66.6666666667%;
  }
  .grid__column--9-md {
    box-sizing: border-box;
    flex-grow: 0;
    width: 75%;
  }
  .grid__column--10-md {
    box-sizing: border-box;
    flex-grow: 0;
    width: 83.3333333333%;
  }
  .grid__column--11-md {
    box-sizing: border-box;
    flex-grow: 0;
    width: 91.6666666667%;
  }
  .grid__column--12-md {
    box-sizing: border-box;
    flex-grow: 0;
    width: 100%;
  }
}
@media (min-width: 960px) {
  .grid__column--1-lg {
    box-sizing: border-box;
    flex-grow: 0;
    width: 8.3333333333%;
  }
  .grid__column--2-lg {
    box-sizing: border-box;
    flex-grow: 0;
    width: 16.6666666667%;
  }
  .grid__column--3-lg {
    box-sizing: border-box;
    flex-grow: 0;
    width: 25%;
  }
  .grid__column--4-lg {
    box-sizing: border-box;
    flex-grow: 0;
    width: 33.3333333333%;
  }
  .grid__column--5-lg {
    box-sizing: border-box;
    flex-grow: 0;
    width: 41.6666666667%;
  }
  .grid__column--6-lg {
    box-sizing: border-box;
    flex-grow: 0;
    width: 50%;
  }
  .grid__column--7-lg {
    box-sizing: border-box;
    flex-grow: 0;
    width: 58.3333333333%;
  }
  .grid__column--8-lg {
    box-sizing: border-box;
    flex-grow: 0;
    width: 66.6666666667%;
  }
  .grid__column--9-lg {
    box-sizing: border-box;
    flex-grow: 0;
    width: 75%;
  }
  .grid__column--10-lg {
    box-sizing: border-box;
    flex-grow: 0;
    width: 83.3333333333%;
  }
  .grid__column--11-lg {
    box-sizing: border-box;
    flex-grow: 0;
    width: 91.6666666667%;
  }
  .grid__column--12-lg {
    box-sizing: border-box;
    flex-grow: 0;
    width: 100%;
  }
}
@media (min-width: 1200px) {
  .grid__column--1-xl {
    box-sizing: border-box;
    flex-grow: 0;
    width: 8.3333333333%;
  }
  .grid__column--2-xl {
    box-sizing: border-box;
    flex-grow: 0;
    width: 16.6666666667%;
  }
  .grid__column--3-xl {
    box-sizing: border-box;
    flex-grow: 0;
    width: 25%;
  }
  .grid__column--4-xl {
    box-sizing: border-box;
    flex-grow: 0;
    width: 33.3333333333%;
  }
  .grid__column--5-xl {
    box-sizing: border-box;
    flex-grow: 0;
    width: 41.6666666667%;
  }
  .grid__column--6-xl {
    box-sizing: border-box;
    flex-grow: 0;
    width: 50%;
  }
  .grid__column--7-xl {
    box-sizing: border-box;
    flex-grow: 0;
    width: 58.3333333333%;
  }
  .grid__column--8-xl {
    box-sizing: border-box;
    flex-grow: 0;
    width: 66.6666666667%;
  }
  .grid__column--9-xl {
    box-sizing: border-box;
    flex-grow: 0;
    width: 75%;
  }
  .grid__column--10-xl {
    box-sizing: border-box;
    flex-grow: 0;
    width: 83.3333333333%;
  }
  .grid__column--11-xl {
    box-sizing: border-box;
    flex-grow: 0;
    width: 91.6666666667%;
  }
  .grid__column--12-xl {
    box-sizing: border-box;
    flex-grow: 0;
    width: 100%;
  }
}
.testGrid {
  color: red;
}"
`;
